Starting BFS (two pass, full exploration) on 16 x 16 maze
Step: 1 | Position: (1,0) | Action: TURN_RIGHT_AND_FORWARD | Unique cells visited: 2
Step: 2 | Position: (1,1) | Action: TURN_LEFT_AND_FORWARD | Unique cells visited: 3
Step: 3 | Position: (1,2) | Action: FORWARD | Unique cells visited: 4
Step: 4 | Position: (2,2) | Action: TURN_RIGHT_AND_FORWARD | Unique cells visited: 5
Step: 5 | Position: (2,1) | Action: TURN_RIGHT_AND_FORWARD | Unique cells visited: 6
Step: 6 | Position: (3,1) | Action: TURN_LEFT_AND_FORWARD | Unique cells visited: 7
Step: 7 | Position: (3,2) | Action: TURN_LEFT_AND_FORWARD | Unique cells visited: 8
Step: 8 | Position: (3,3) | Action: FORWARD | Unique cells visited: 9
Step: 9 | Position: (4,3) | Action: TURN_RIGHT_AND_FORWARD | Unique cells visited: 10
Step: 10 | Position: (4,4) | Action: TURN_LEFT_AND_FORWARD | Unique cells visited: 11
Step: 11 | Position: (5,4) | Action: TURN_RIGHT_AND_FORWARD | Unique cells visited: 12
Step: 12 | Position: (6,4) | Action: FORWARD | Unique cells visited: 13
Step: 13 | Position: (7,4) | Action: FORWARD | Unique cells visited: 14
Step: 14 | Position: (7,5) | Action: TURN_LEFT_AND_FORWARD | Unique cells visited: 15
Step: 15 | Position: (8,5) | Action: TURN_RIGHT_AND_FORWARD | Unique cells visited: 16
Step: 16 | Position: (8,6) | Action: TURN_LEFT_AND_FORWARD | Unique cells visited: 17
Step: 17 | Position: (7,6) | Action: TURN_LEFT_AND_FORWARD | Unique cells visited: 18
Step: 18 | Position: (6,6) | Action: FORWARD | Unique cells visited: 19
Step: 19 | Position: (6,5) | Action: TURN_LEFT_AND_FORWARD | Unique cells visited: 20
Step: 20 | Position: (5,5) | Action: TURN_RIGHT_AND_FORWARD | Unique cells visited: 21
Step: 21 | Position: (5,6) | Action: TURN_RIGHT_AND_FORWARD | Unique cells visited: 22
Step: 22 | Position: (5,7) | Action: FORWARD | Unique cells visited: 23
Step: 23 | Position: (6,7) | Action: TURN_RIGHT_AND_FORWARD | Unique cells visited: 24
Step: 24 | Position: (6,8) | Action: TURN_LEFT_AND_FORWARD | Unique cells visited: 25
Step: 25 | Position: (5,8) | Action: TURN_LEFT_AND_FORWARD | Unique cells visited: 26
Step: 26 | Position: (5,9) | Action: TURN_RIGHT_AND_FORWARD | Unique cells visited: 27
Step: 27 | Position: (6,9) | Action: TURN_RIGHT_AND_FORWARD | Unique cells visited: 28
Step: 28 | Position: (6,10) | Action: TURN_LEFT_AND_FORWARD | Unique cells visited: 29
Step: 29 | Position: (7,10) | Action: TURN_RIGHT_AND_FORWARD | Unique cells visited: 30
Step: 30 | Position: (7,9) | Action: TURN_RIGHT_AND_FORWARD | Unique cells visited: 31
Step: 31 | Position: (8,9) | Action: TURN_LEFT_AND_FORWARD | Unique cells visited: 32
Step: 32 | Position: (9,9) | Action: FORWARD | Unique cells visited: 33
Step: 33 | Position: (10,9) | Action: FORWARD | Unique cells visited: 34
Step: 34 | Position: (10,8) | Action: TURN_RIGHT_AND_FORWARD | Unique cells visited: 35
Step: 35 | Position: (10,7) | Action: FORWARD | Unique cells visited: 36
Step: 36 | Position: (9,7) | Action: TURN_RIGHT_AND_FORWARD | Unique cells visited: 37
Step: 37 | Position: (9,6) | Action: TURN_LEFT_AND_FORWARD | Unique cells visited: 38
Step: 38 | Position: (10,6) | Action: TURN_LEFT_AND_FORWARD | Unique cells visited: 39
Step: 39 | Position: (10,5) | Action: TURN_RIGHT_AND_FORWARD | Unique cells visited: 40
Step: 40 | Position: (11,5) | Action: TURN_LEFT_AND_FORWARD | Unique cells visited: 41
Step: 41 | Position: (11,6) | Action: TURN_LEFT_AND_FORWARD | Unique cells visited: 42
Step: 42 | Position: (11,7) | Action: FORWARD | Unique cells visited: 43
Step: 43 | Position: (11,8) | Action: FORWARD | Unique cells visited: 44
Step: 44 | Position: (11,9) | Action: FORWARD | Unique cells visited: 45
Step: 45 | Position: (11,10) | Action: FORWARD | Unique cells visited: 46
Step: 46 | Position: (10,10) | Action: TURN_LEFT_AND_FORWARD | Unique cells visited: 47
Step: 47 | Position: (9,10) | Action: FORWARD | Unique cells visited: 48
Step: 48 | Position: (8,10) | Action: FORWARD | Unique cells visited: 49
Step: 49 | Position: (8,11) | Action: TURN_RIGHT_AND_FORWARD | Unique cells visited: 50
Step: 50 | Position: (7,11) | Action: TURN_LEFT_AND_FORWARD | Unique cells visited: 51
Step: 51 | Position: (6,11) | Action: FORWARD | Unique cells visited: 52
Step: 52 | Position: (6,12) | Action: TURN_RIGHT_AND_FORWARD | Unique cells visited: 53
Step: 53 | Position: (6,13) | Action: FORWARD | Unique cells visited: 54
Step: 54 | Position: (6,14) | Action: FORWARD | Unique cells visited: 55
Step: 55 | Position: (5,14) | Action: TURN_LEFT_AND_FORWARD | Unique cells visited: 56
Step: 56 | Position: (5,13) | Action: TURN_LEFT_AND_FORWARD | Unique cells visited: 57
Step: 57 | Position: (5,12) | Action: FORWARD | Unique cells visited: 58
Step: 58 | Position: (4,12) | Action: TURN_RIGHT_AND_FORWARD | Unique cells visited: 59
Step: 59 | Position: (4,11) | Action: TURN_LEFT_AND_FORWARD | Unique cells visited: 60
Step: 60 | Position: (5,11) | Action: TURN_LEFT_AND_FORWARD | Unique cells visited: 61
Step: 61 | Position: (5,10) | Action: TURN_RIGHT_AND_FORWARD | Unique cells visited: 62
Step: 62 | Position: (4,10) | Action: TURN_RIGHT_AND_FORWARD | Unique cells visited: 63
Step: 63 | Position: (3,10) | Action: FORWARD | Unique cells visited: 64
Step: 64 | Position: (3,11) | Action: TURN_RIGHT_AND_FORWARD | Unique cells visited: 65
Step: 65 | Position: (3,12) | Action: FORWARD | Unique cells visited: 66
Step: 66 | Position: (2,12) | Action: TURN_LEFT_AND_FORWARD | Unique cells visited: 67
Step: 67 | Position: (2,13) | Action: TURN_RIGHT_AND_FORWARD | Unique cells visited: 68
Step: 68 | Position: (2,14) | Action: FORWARD | Unique cells visited: 69
Step: 69 | Position: (3,14) | Action: TURN_RIGHT_AND_FORWARD | Unique cells visited: 70
Step: 70 | Position: (3,13) | Action: TURN_RIGHT_AND_FORWARD | Unique cells visited: 71
Step: 71 | Position: (4,13) | Action: TURN_LEFT_AND_FORWARD | Unique cells visited: 72
Step: 72 | Position: (4,14) | Action: TURN_LEFT_AND_FORWARD | Unique cells visited: 73
Step: 73 | Position: (5,14) | Action: TURN_RIGHT_AND_FORWARD | Unique cells visited: 73
Step: 74 | Position: (6,14) | Action: FORWARD | Unique cells visited: 73
Step: 75 | Position: (6,13) | Action: TURN_RIGHT_AND_FORWARD | Unique cells visited: 73
Step: 76 | Position: (7,13) | Action: TURN_LEFT_AND_FORWARD | Unique cells visited: 74
Step: 77 | Position: (7,12) | Action: TURN_RIGHT_AND_FORWARD | Unique cells visited: 75
Step: 78 | Position: (8,12) | Action: TURN_LEFT_AND_FORWARD | Unique cells visited: 76
Step: 79 | Position: (8,13) | Action: TURN_LEFT_AND_FORWARD | Unique cells visited: 77
Step: 80 | Position: (8,14) | Action: FORWARD | Unique cells visited: 78
Step: 81 | Position: (9,14) | Action: TURN_RIGHT_AND_FORWARD | Unique cells visited: 79
Step: 82 | Position: (9,13) | Action: TURN_RIGHT_AND_FORWARD | Unique cells visited: 80
Step: 83 | Position: (9,12) | Action: FORWARD | Unique cells visited: 81
Step: 84 | Position: (9,11) | Action: FORWARD | Unique cells visited: 82
Step: 85 | Position: (10,11) | Action: TURN_LEFT_AND_FORWARD | Unique cells visited: 83
Step: 86 | Position: (10,12) | Action: TURN_LEFT_AND_FORWARD | Unique cells visited: 84
Step: 87 | Position: (10,13) | Action: FORWARD | Unique cells visited: 85
Step: 88 | Position: (10,14) | Action: FORWARD | Unique cells visited: 86
Step: 89 | Position: (10,15) | Action: FORWARD | Unique cells visited: 87
Step: 90 | Position: (9,15) | Action: TURN_LEFT_AND_FORWARD | Unique cells visited: 88
Step: 91 | Position: (8,15) | Action: FORWARD | Unique cells visited: 89
Step: 92 | Position: (7,15) | Action: FORWARD | Unique cells visited: 90
Step: 93 | Position: (7,14) | Action: TURN_LEFT_AND_FORWARD | Unique cells visited: 91
Step: 94 | Position: (7,15) | Action: TURN_AROUND_AND_FORWARD | Unique cells visited: 91
Step: 95 | Position: (6,15) | Action: TURN_LEFT_AND_FORWARD | Unique cells visited: 92
Step: 96 | Position: (5,15) | Action: FORWARD | Unique cells visited: 93
Step: 97 | Position: (4,15) | Action: FORWARD | Unique cells visited: 94
Step: 98 | Position: (3,15) | Action: FORWARD | Unique cells visited: 95
Step: 99 | Position: (2,15) | Action: FORWARD | Unique cells visited: 96
Step: 100 | Position: (1,15) | Action: FORWARD | Unique cells visited: 97
Step: 101 | Position: (1,14) | Action: TURN_LEFT_AND_FORWARD | Unique cells visited: 98
Step: 102 | Position: (1,13) | Action: FORWARD | Unique cells visited: 99
Step: 103 | Position: (1,12) | Action: FORWARD | Unique cells visited: 100
Step: 104 | Position: (1,11) | Action: FORWARD | Unique cells visited: 101
Step: 105 | Position: (2,11) | Action: TURN_LEFT_AND_FORWARD | Unique cells visited: 102
Step: 106 | Position: (1,11) | Action: TURN_AROUND_AND_FORWARD | Unique cells visited: 102
Step: 107 | Position: (0,11) | Action: FORWARD | Unique cells visited: 103
Step: 108 | Position: (0,12) | Action: TURN_RIGHT_AND_FORWARD | Unique cells visited: 104
Step: 109 | Position: (0,13) | Action: FORWARD | Unique cells visited: 105
Step: 110 | Position: (0,14) | Action: FORWARD | Unique cells visited: 106
Step: 111 | Position: (0,15) | Action: FORWARD | Unique cells visited: 107
Step: 112 | Position: (0,14) | Action: TURN_AROUND_AND_FORWARD | Unique cells visited: 107
Step: 113 | Position: (0,13) | Action: FORWARD | Unique cells visited: 107
Step: 114 | Position: (0,12) | Action: FORWARD | Unique cells visited: 107
Step: 115 | Position: (0,11) | Action: FORWARD | Unique cells visited: 107
Step: 116 | Position: (0,10) | Action: FORWARD | Unique cells visited: 108
Step: 117 | Position: (1,10) | Action: TURN_LEFT_AND_FORWARD | Unique cells visited: 109
Step: 118 | Position: (2,10) | Action: FORWARD | Unique cells visited: 110
Step: 119 | Position: (2,9) | Action: TURN_RIGHT_AND_FORWARD | Unique cells visited: 111
Step: 120 | Position: (1,9) | Action: TURN_RIGHT_AND_FORWARD | Unique cells visited: 112
Step: 121 | Position: (0,9) | Action: FORWARD | Unique cells visited: 113
Step: 122 | Position: (0,8) | Action: TURN_LEFT_AND_FORWARD | Unique cells visited: 114
Step: 123 | Position: (0,7) | Action: FORWARD | Unique cells visited: 115
Step: 124 | Position: (0,6) | Action: FORWARD | Unique cells visited: 116
Step: 125 | Position: (0,5) | Action: FORWARD | Unique cells visited: 117
Step: 126 | Position: (0,4) | Action: FORWARD | Unique cells visited: 118
Step: 127 | Position: (1,4) | Action: TURN_LEFT_AND_FORWARD | Unique cells visited: 119
Step: 128 | Position: (1,5) | Action: TURN_LEFT_AND_FORWARD | Unique cells visited: 120
Step: 129 | Position: (1,6) | Action: FORWARD | Unique cells visited: 121
Step: 130 | Position: (1,7) | Action: FORWARD | Unique cells visited: 122
Step: 131 | Position: (1,8) | Action: FORWARD | Unique cells visited: 123
Step: 132 | Position: (2,8) | Action: TURN_RIGHT_AND_FORWARD | Unique cells visited: 124
Step: 133 | Position: (2,7) | Action: TURN_RIGHT_AND_FORWARD | Unique cells visited: 125
Step: 134 | Position: (3,7) | Action: TURN_LEFT_AND_FORWARD | Unique cells visited: 126
Step: 135 | Position: (3,8) | Action: TURN_LEFT_AND_FORWARD | Unique cells visited: 127
Step: 136 | Position: (3,9) | Action: FORWARD | Unique cells visited: 128
Step: 137 | Position: (4,9) | Action: TURN_RIGHT_AND_FORWARD | Unique cells visited: 129
Step: 138 | Position: (3,9) | Action: TURN_AROUND_AND_FORWARD | Unique cells visited: 129
Step: 139 | Position: (3,8) | Action: TURN_LEFT_AND_FORWARD | Unique cells visited: 129
Step: 140 | Position: (4,8) | Action: TURN_LEFT_AND_FORWARD | Unique cells visited: 130
Step: 141 | Position: (4,7) | Action: TURN_RIGHT_AND_FORWARD | Unique cells visited: 131
Step: 142 | Position: (4,6) | Action: FORWARD | Unique cells visited: 132
Step: 143 | Position: (4,5) | Action: FORWARD | Unique cells visited: 133
Step: 144 | Position: (3,5) | Action: TURN_RIGHT_AND_FORWARD | Unique cells visited: 134
Step: 145 | Position: (3,6) | Action: TURN_RIGHT_AND_FORWARD | Unique cells visited: 135
Step: 146 | Position: (2,6) | Action: TURN_LEFT_AND_FORWARD | Unique cells visited: 136
Step: 147 | Position: (2,5) | Action: TURN_LEFT_AND_FORWARD | Unique cells visited: 137
Step: 148 | Position: (2,6) | Action: TURN_AROUND_AND_FORWARD | Unique cells visited: 137
Step: 149 | Position: (3,6) | Action: TURN_RIGHT_AND_FORWARD | Unique cells visited: 137
Step: 150 | Position: (3,5) | Action: TURN_RIGHT_AND_FORWARD | Unique cells visited: 137
Step: 151 | Position: (3,4) | Action: FORWARD | Unique cells visited: 138
Step: 152 | Position: (2,4) | Action: TURN_RIGHT_AND_FORWARD | Unique cells visited: 139
Step: 153 | Position: (2,3) | Action: TURN_LEFT_AND_FORWARD | Unique cells visited: 140
Step: 154 | Position: (1,3) | Action: TURN_RIGHT_AND_FORWARD | Unique cells visited: 141
Step: 155 | Position: (0,3) | Action: FORWARD | Unique cells visited: 142
Step: 156 | Position: (0,2) | Action: TURN_LEFT_AND_FORWARD | Unique cells visited: 143
Step: 157 | Position: (0,1) | Action: FORWARD | Unique cells visited: 144
Step: 158 | Position: (1,1) | Action: TURN_LEFT_AND_FORWARD | Unique cells visited: 144
Step: 159 | Position: (1,0) | Action: TURN_RIGHT_AND_FORWARD | Unique cells visited: 144
Step: 160 | Position: (2,0) | Action: TURN_LEFT_AND_FORWARD | Unique cells visited: 145
Step: 161 | Position: (3,0) | Action: FORWARD | Unique cells visited: 146
Step: 162 | Position: (4,0) | Action: FORWARD | Unique cells visited: 147
Step: 163 | Position: (4,1) | Action: TURN_LEFT_AND_FORWARD | Unique cells visited: 148
Step: 164 | Position: (4,2) | Action: FORWARD | Unique cells visited: 149
Step: 165 | Position: (5,2) | Action: TURN_RIGHT_AND_FORWARD | Unique cells visited: 150
Step: 166 | Position: (5,3) | Action: TURN_LEFT_AND_FORWARD | Unique cells visited: 151
Step: 167 | Position: (6,3) | Action: TURN_RIGHT_AND_FORWARD | Unique cells visited: 152
Step: 168 | Position: (7,3) | Action: FORWARD | Unique cells visited: 153
Step: 169 | Position: (7,2) | Action: TURN_RIGHT_AND_FORWARD | Unique cells visited: 154
Step: 170 | Position: (7,1) | Action: FORWARD | Unique cells visited: 155
Step: 171 | Position: (8,1) | Action: TURN_LEFT_AND_FORWARD | Unique cells visited: 156
Step: 172 | Position: (8,2) | Action: TURN_LEFT_AND_FORWARD | Unique cells visited: 157
Step: 173 | Position: (9,2) | Action: TURN_RIGHT_AND_FORWARD | Unique cells visited: 158
Step: 174 | Position: (9,1) | Action: TURN_RIGHT_AND_FORWARD | Unique cells visited: 159
Step: 175 | Position: (9,2) | Action: TURN_AROUND_AND_FORWARD | Unique cells visited: 159
Step: 176 | Position: (8,2) | Action: TURN_LEFT_AND_FORWARD | Unique cells visited: 159
Step: 177 | Position: (8,1) | Action: TURN_LEFT_AND_FORWARD | Unique cells visited: 159
Step: 178 | Position: (7,1) | Action: TURN_RIGHT_AND_FORWARD | Unique cells visited: 159
Step: 179 | Position: (6,1) | Action: FORWARD | Unique cells visited: 160
Step: 180 | Position: (6,2) | Action: TURN_RIGHT_AND_FORWARD | Unique cells visited: 161
Step: 181 | Position: (6,1) | Action: TURN_AROUND_AND_FORWARD | Unique cells visited: 161
Step: 182 | Position: (5,1) | Action: TURN_RIGHT_AND_FORWARD | Unique cells visited: 162
Step: 183 | Position: (5,0) | Action: TURN_LEFT_AND_FORWARD | Unique cells visited: 163
Step: 184 | Position: (6,0) | Action: TURN_LEFT_AND_FORWARD | Unique cells visited: 164
Step: 185 | Position: (7,0) | Action: FORWARD | Unique cells visited: 165
Step: 186 | Position: (8,0) | Action: FORWARD | Unique cells visited: 166
Step: 187 | Position: (9,0) | Action: FORWARD | Unique cells visited: 167
Step: 188 | Position: (10,0) | Action: FORWARD | Unique cells visited: 168
Step: 189 | Position: (10,1) | Action: TURN_LEFT_AND_FORWARD | Unique cells visited: 169
Step: 190 | Position: (10,2) | Action: FORWARD | Unique cells visited: 170
Step: 191 | Position: (10,3) | Action: FORWARD | Unique cells visited: 171
Step: 192 | Position: (9,3) | Action: TURN_LEFT_AND_FORWARD | Unique cells visited: 172
Step: 193 | Position: (8,3) | Action: FORWARD | Unique cells visited: 173
Step: 194 | Position: (8,4) | Action: TURN_RIGHT_AND_FORWARD | Unique cells visited: 174
Step: 195 | Position: (7,4) | Action: TURN_LEFT_AND_FORWARD | Unique cells visited: 174
Step: 196 | Position: (7,5) | Action: TURN_RIGHT_AND_FORWARD | Unique cells visited: 174
Step: 197 | Position: (8,5) | Action: TURN_RIGHT_AND_FORWARD | Unique cells visited: 174
Step: 198 | Position: (9,5) | Action: FORWARD | Unique cells visited: 175
Step: 199 | Position: (9,4) | Action: TURN_RIGHT_AND_FORWARD | Unique cells visited: 176
Step: 200 | Position: (10,4) | Action: TURN_LEFT_AND_FORWARD | Unique cells visited: 177
Step: 201 | Position: (10,5) | Action: TURN_LEFT_AND_FORWARD | Unique cells visited: 177
Step: 202 | Position: (11,5) | Action: TURN_RIGHT_AND_FORWARD | Unique cells visited: 177
Step: 203 | Position: (11,4) | Action: TURN_RIGHT_AND_FORWARD | Unique cells visited: 178
Step: 204 | Position: (11,3) | Action: FORWARD | Unique cells visited: 179
Step: 205 | Position: (12,3) | Action: TURN_LEFT_AND_FORWARD | Unique cells visited: 180
Step: 206 | Position: (13,3) | Action: FORWARD | Unique cells visited: 181
Step: 207 | Position: (14,3) | Action: FORWARD | Unique cells visited: 182
Step: 208 | Position: (14,4) | Action: TURN_LEFT_AND_FORWARD | Unique cells visited: 183
Step: 209 | Position: (15,4) | Action: TURN_RIGHT_AND_FORWARD | Unique cells visited: 184
Step: 210 | Position: (15,3) | Action: TURN_RIGHT_AND_FORWARD | Unique cells visited: 185
Step: 211 | Position: (15,2) | Action: FORWARD | Unique cells visited: 186
Step: 212 | Position: (15,1) | Action: FORWARD | Unique cells visited: 187
Step: 213 | Position: (15,0) | Action: FORWARD | Unique cells visited: 188
Step: 214 | Position: (14,0) | Action: TURN_RIGHT_AND_FORWARD | Unique cells visited: 189
Step: 215 | Position: (14,1) | Action: TURN_RIGHT_AND_FORWARD | Unique cells visited: 190
Step: 216 | Position: (14,2) | Action: FORWARD | Unique cells visited: 191
Step: 217 | Position: (13,2) | Action: TURN_LEFT_AND_FORWARD | Unique cells visited: 192
Step: 218 | Position: (12,2) | Action: FORWARD | Unique cells visited: 193
Step: 219 | Position: (11,2) | Action: FORWARD | Unique cells visited: 194
Step: 220 | Position: (11,1) | Action: TURN_LEFT_AND_FORWARD | Unique cells visited: 195
Step: 221 | Position: (11,0) | Action: FORWARD | Unique cells visited: 196
Step: 222 | Position: (11,1) | Action: TURN_AROUND_AND_FORWARD | Unique cells visited: 196
Step: 223 | Position: (11,2) | Action: FORWARD | Unique cells visited: 196
Step: 224 | Position: (12,2) | Action: TURN_RIGHT_AND_FORWARD | Unique cells visited: 196
Step: 225 | Position: (13,2) | Action: FORWARD | Unique cells visited: 196
Step: 226 | Position: (14,2) | Action: FORWARD | Unique cells visited: 196
Step: 227 | Position: (14,1) | Action: TURN_RIGHT_AND_FORWARD | Unique cells visited: 196
Step: 228 | Position: (14,0) | Action: FORWARD | Unique cells visited: 196
Step: 229 | Position: (13,0) | Action: TURN_RIGHT_AND_FORWARD | Unique cells visited: 197
Step: 230 | Position: (12,0) | Action: FORWARD | Unique cells visited: 198
Step: 231 | Position: (12,1) | Action: TURN_RIGHT_AND_FORWARD | Unique cells visited: 199
Step: 232 | Position: (13,1) | Action: TURN_RIGHT_AND_FORWARD | Unique cells visited: 200
Step: 233 | Position: (12,1) | Action: TURN_AROUND_AND_FORWARD | Unique cells visited: 200
Step: 234 | Position: (12,0) | Action: TURN_LEFT_AND_FORWARD | Unique cells visited: 200
Step: 235 | Position: (13,0) | Action: TURN_LEFT_AND_FORWARD | Unique cells visited: 200
Step: 236 | Position: (14,0) | Action: FORWARD | Unique cells visited: 200
Step: 237 | Position: (15,0) | Action: FORWARD | Unique cells visited: 200
Step: 238 | Position: (15,1) | Action: TURN_LEFT_AND_FORWARD | Unique cells visited: 200
Step: 239 | Position: (15,2) | Action: FORWARD | Unique cells visited: 200
Step: 240 | Position: (15,3) | Action: FORWARD | Unique cells visited: 200
Step: 241 | Position: (15,4) | Action: FORWARD | Unique cells visited: 200
Step: 242 | Position: (14,4) | Action: TURN_LEFT_AND_FORWARD | Unique cells visited: 200
Step: 243 | Position: (13,4) | Action: FORWARD | Unique cells visited: 201
Step: 244 | Position: (12,4) | Action: FORWARD | Unique cells visited: 202
Step: 245 | Position: (12,5) | Action: TURN_RIGHT_AND_FORWARD | Unique cells visited: 203
Step: 246 | Position: (12,6) | Action: FORWARD | Unique cells visited: 204
Step: 247 | Position: (13,6) | Action: TURN_RIGHT_AND_FORWARD | Unique cells visited: 205
Step: 248 | Position: (14,6) | Action: FORWARD | Unique cells visited: 206
Step: 249 | Position: (14,7) | Action: TURN_LEFT_AND_FORWARD | Unique cells visited: 207
Step: 250 | Position: (15,7) | Action: TURN_RIGHT_AND_FORWARD | Unique cells visited: 208
Step: 251 | Position: (15,6) | Action: TURN_RIGHT_AND_FORWARD | Unique cells visited: 209
Step: 252 | Position: (15,5) | Action: FORWARD | Unique cells visited: 210
Step: 253 | Position: (14,5) | Action: TURN_RIGHT_AND_FORWARD | Unique cells visited: 211
Step: 254 | Position: (13,5) | Action: FORWARD | Unique cells visited: 212
Step: 255 | Position: (14,5) | Action: TURN_AROUND_AND_FORWARD | Unique cells visited: 212
Step: 256 | Position: (15,5) | Action: FORWARD | Unique cells visited: 212
Step: 257 | Position: (15,6) | Action: TURN_LEFT_AND_FORWARD | Unique cells visited: 212
Step: 258 | Position: (15,7) | Action: FORWARD | Unique cells visited: 212
Step: 259 | Position: (14,7) | Action: TURN_LEFT_AND_FORWARD | Unique cells visited: 212
Step: 260 | Position: (13,7) | Action: FORWARD | Unique cells visited: 213
Step: 261 | Position: (12,7) | Action: FORWARD | Unique cells visited: 214
Step: 262 | Position: (12,8) | Action: TURN_RIGHT_AND_FORWARD | Unique cells visited: 215
Step: 263 | Position: (12,9) | Action: FORWARD | Unique cells visited: 216
Step: 264 | Position: (13,9) | Action: TURN_RIGHT_AND_FORWARD | Unique cells visited: 217
Step: 265 | Position: (14,9) | Action: FORWARD | Unique cells visited: 218
Step: 266 | Position: (14,10) | Action: TURN_LEFT_AND_FORWARD | Unique cells visited: 219
Step: 267 | Position: (13,10) | Action: TURN_LEFT_AND_FORWARD | Unique cells visited: 220
Step: 268 | Position: (12,10) | Action: FORWARD | Unique cells visited: 221
Step: 269 | Position: (13,10) | Action: TURN_AROUND_AND_FORWARD | Unique cells visited: 221
Step: 270 | Position: (14,10) | Action: FORWARD | Unique cells visited: 221
Step: 271 | Position: (14,9) | Action: TURN_RIGHT_AND_FORWARD | Unique cells visited: 221
Step: 272 | Position: (13,9) | Action: TURN_RIGHT_AND_FORWARD | Unique cells visited: 221
Step: 273 | Position: (12,9) | Action: FORWARD | Unique cells visited: 221
Step: 274 | Position: (12,8) | Action: TURN_LEFT_AND_FORWARD | Unique cells visited: 221
Step: 275 | Position: (13,8) | Action: TURN_LEFT_AND_FORWARD | Unique cells visited: 222
Step: 276 | Position: (14,8) | Action: FORWARD | Unique cells visited: 223
Step: 277 | Position: (15,8) | Action: FORWARD | Unique cells visited: 224
Step: 278 | Position: (15,9) | Action: TURN_LEFT_AND_FORWARD | Unique cells visited: 225
Step: 279 | Position: (15,10) | Action: FORWARD | Unique cells visited: 226
Step: 280 | Position: (15,11) | Action: FORWARD | Unique cells visited: 227
Step: 281 | Position: (15,12) | Action: FORWARD | Unique cells visited: 228
Step: 282 | Position: (14,12) | Action: TURN_LEFT_AND_FORWARD | Unique cells visited: 229
Step: 283 | Position: (14,13) | Action: TURN_RIGHT_AND_FORWARD | Unique cells visited: 230
Step: 284 | Position: (14,14) | Action: FORWARD | Unique cells visited: 231
Step: 285 | Position: (14,15) | Action: FORWARD | Unique cells visited: 232
Step: 286 | Position: (15,15) | Action: TURN_RIGHT_AND_FORWARD | Unique cells visited: 233
Step: 287 | Position: (15,14) | Action: TURN_RIGHT_AND_FORWARD | Unique cells visited: 234
Step: 288 | Position: (15,13) | Action: FORWARD | Unique cells visited: 235
Step: 289 | Position: (15,14) | Action: TURN_AROUND_AND_FORWARD | Unique cells visited: 235
Step: 290 | Position: (15,15) | Action: FORWARD | Unique cells visited: 235
Step: 291 | Position: (14,15) | Action: TURN_LEFT_AND_FORWARD | Unique cells visited: 235
Step: 292 | Position: (13,15) | Action: FORWARD | Unique cells visited: 236
Step: 293 | Position: (12,15) | Action: FORWARD | Unique cells visited: 237
Step: 294 | Position: (12,14) | Action: TURN_LEFT_AND_FORWARD | Unique cells visited: 238
Step: 295 | Position: (13,14) | Action: TURN_LEFT_AND_FORWARD | Unique cells visited: 239
Step: 296 | Position: (13,13) | Action: TURN_RIGHT_AND_FORWARD | Unique cells visited: 240
Step: 297 | Position: (13,12) | Action: FORWARD | Unique cells visited: 241
Step: 298 | Position: (12,12) | Action: TURN_RIGHT_AND_FORWARD | Unique cells visited: 242
Step: 299 | Position: (12,13) | Action: TURN_RIGHT_AND_FORWARD | Unique cells visited: 243
Step: 300 | Position: (11,13) | Action: TURN_LEFT_AND_FORWARD | Unique cells visited: 244
Step: 301 | Position: (11,14) | Action: TURN_RIGHT_AND_FORWARD | Unique cells visited: 245
Step: 302 | Position: (11,15) | Action: FORWARD | Unique cells visited: 246
Step: 303 | Position: (11,14) | Action: TURN_AROUND_AND_FORWARD | Unique cells visited: 246
Step: 304 | Position: (11,13) | Action: FORWARD | Unique cells visited: 246
Step: 305 | Position: (12,13) | Action: TURN_LEFT_AND_FORWARD | Unique cells visited: 246
Step: 306 | Position: (12,12) | Action: TURN_RIGHT_AND_FORWARD | Unique cells visited: 246
Step: 307 | Position: (11,12) | Action: TURN_RIGHT_AND_FORWARD | Unique cells visited: 247
Step: 308 | Position: (10,12) | Action: FORWARD | Unique cells visited: 247
Step: 309 | Position: (10,11) | Action: TURN_LEFT_AND_FORWARD | Unique cells visited: 247
Step: 310 | Position: (11,11) | Action: TURN_LEFT_AND_FORWARD | Unique cells visited: 248
Step: 311 | Position: (12,11) | Action: FORWARD | Unique cells visited: 249
Step: 312 | Position: (13,11) | Action: FORWARD | Unique cells visited: 250
Step: 313 | Position: (14,11) | Action: FORWARD | Unique cells visited: 251
Step: 314 | Position: (13,11) | Action: TURN_AROUND_AND_FORWARD | Unique cells visited: 251
Step: 315 | Position: (12,11) | Action: FORWARD | Unique cells visited: 251
Step: 316 | Position: (11,11) | Action: FORWARD | Unique cells visited: 251
Step: 317 | Position: (10,11) | Action: FORWARD | Unique cells visited: 251
Step: 318 | Position: (9,11) | Action: FORWARD | Unique cells visited: 251
Step: 319 | Position: (9,12) | Action: TURN_RIGHT_AND_FORWARD | Unique cells visited: 251
Step: 320 | Position: (9,13) | Action: FORWARD | Unique cells visited: 251
Step: 321 | Position: (9,14) | Action: FORWARD | Unique cells visited: 251
Step: 322 | Position: (8,14) | Action: TURN_LEFT_AND_FORWARD | Unique cells visited: 251
Step: 323 | Position: (8,13) | Action: TURN_LEFT_AND_FORWARD | Unique cells visited: 251
Step: 324 | Position: (8,12) | Action: FORWARD | Unique cells visited: 251
Step: 325 | Position: (7,12) | Action: TURN_RIGHT_AND_FORWARD | Unique cells visited: 251
Step: 326 | Position: (7,13) | Action: TURN_RIGHT_AND_FORWARD | Unique cells visited: 251
Step: 327 | Position: (6,13) | Action: TURN_LEFT_AND_FORWARD | Unique cells visited: 251
Step: 328 | Position: (6,14) | Action: TURN_RIGHT_AND_FORWARD | Unique cells visited: 251
Step: 329 | Position: (5,14) | Action: TURN_LEFT_AND_FORWARD | Unique cells visited: 251
Step: 330 | Position: (5,13) | Action: TURN_LEFT_AND_FORWARD | Unique cells visited: 251
Step: 331 | Position: (5,12) | Action: FORWARD | Unique cells visited: 251
Step: 332 | Position: (4,12) | Action: TURN_RIGHT_AND_FORWARD | Unique cells visited: 251
Step: 333 | Position: (4,11) | Action: TURN_LEFT_AND_FORWARD | Unique cells visited: 251
Step: 334 | Position: (5,11) | Action: TURN_LEFT_AND_FORWARD | Unique cells visited: 251
Step: 335 | Position: (5,10) | Action: TURN_RIGHT_AND_FORWARD | Unique cells visited: 251
Step: 336 | Position: (6,10) | Action: TURN_LEFT_AND_FORWARD | Unique cells visited: 251
Step: 337 | Position: (7,10) | Action: FORWARD | Unique cells visited: 251
Step: 338 | Position: (7,9) | Action: TURN_RIGHT_AND_FORWARD | Unique cells visited: 251
Step: 339 | Position: (8,9) | Action: TURN_LEFT_AND_FORWARD | Unique cells visited: 251
Step: 340 | Position: (9,9) | Action: FORWARD | Unique cells visited: 251
Step: 341 | Position: (9,8) | Action: TURN_RIGHT_AND_FORWARD | Unique cells visited: 252
Step: 342 | Position: (8,8) | Action: TURN_RIGHT_AND_FORWARD | Unique cells visited: 253
Center discovered at step 342; continuing the learning pass
Step: 343 | Position: (8,7) | Action: TURN_LEFT_AND_FORWARD | Unique cells visited: 254
Step: 344 | Position: (7,7) | Action: TURN_RIGHT_AND_FORWARD | Unique cells visited: 255
Step: 345 | Position: (7,8) | Action: TURN_RIGHT_AND_FORWARD | Unique cells visited: 256
Step: 346 | Position: (8,8) | Action: TURN_RIGHT_AND_FORWARD | Unique cells visited: 256
Phase: returning home
Step: 347 | Position: (9,8) | Action: FORWARD | Unique cells visited: 256
Step: 348 | Position: (9,9) | Action: TURN_LEFT_AND_FORWARD | Unique cells visited: 256
Step: 349 | Position: (8,9) | Action: TURN_LEFT_AND_FORWARD | Unique cells visited: 256
Step: 350 | Position: (7,9) | Action: FORWARD | Unique cells visited: 256
Step: 351 | Position: (7,10) | Action: TURN_RIGHT_AND_FORWARD | Unique cells visited: 256
Step: 352 | Position: (6,10) | Action: TURN_LEFT_AND_FORWARD | Unique cells visited: 256
Step: 353 | Position: (6,9) | Action: TURN_LEFT_AND_FORWARD | Unique cells visited: 256
Step: 354 | Position: (5,9) | Action: TURN_RIGHT_AND_FORWARD | Unique cells visited: 256
Step: 355 | Position: (4,9) | Action: FORWARD | Unique cells visited: 256
Step: 356 | Position: (3,9) | Action: FORWARD | Unique cells visited: 256
Step: 357 | Position: (3,8) | Action: TURN_LEFT_AND_FORWARD | Unique cells visited: 256
Step: 358 | Position: (4,8) | Action: TURN_LEFT_AND_FORWARD | Unique cells visited: 256
Step: 359 | Position: (4,7) | Action: TURN_RIGHT_AND_FORWARD | Unique cells visited: 256
Step: 360 | Position: (4,6) | Action: FORWARD | Unique cells visited: 256
Step: 361 | Position: (4,5) | Action: FORWARD | Unique cells visited: 256
Step: 362 | Position: (3,5) | Action: TURN_RIGHT_AND_FORWARD | Unique cells visited: 256
Step: 363 | Position: (3,4) | Action: TURN_LEFT_AND_FORWARD | Unique cells visited: 256
Step: 364 | Position: (2,4) | Action: TURN_RIGHT_AND_FORWARD | Unique cells visited: 256
Step: 365 | Position: (2,3) | Action: TURN_LEFT_AND_FORWARD | Unique cells visited: 256
Step: 366 | Position: (1,3) | Action: TURN_RIGHT_AND_FORWARD | Unique cells visited: 256
Step: 367 | Position: (0,3) | Action: FORWARD | Unique cells visited: 256
Step: 368 | Position: (0,2) | Action: TURN_LEFT_AND_FORWARD | Unique cells visited: 256
Step: 369 | Position: (0,1) | Action: FORWARD | Unique cells visited: 256
Step: 370 | Position: (1,1) | Action: TURN_LEFT_AND_FORWARD | Unique cells visited: 256
Step: 371 | Position: (1,0) | Action: TURN_RIGHT_AND_FORWARD | Unique cells visited: 256
Step: 372 | Position: (0,0) | Action: TURN_RIGHT_AND_FORWARD | Unique cells visited: 256
Phase: final shortest run
Step: 373 | Position: (1,0) | Action: TURN_AROUND_AND_FORWARD | Unique cells visited: 256
Step: 374 | Position: (1,1) | Action: TURN_LEFT_AND_FORWARD | Unique cells visited: 256
Step: 375 | Position: (0,1) | Action: TURN_LEFT_AND_FORWARD | Unique cells visited: 256
Step: 376 | Position: (0,2) | Action: TURN_RIGHT_AND_FORWARD | Unique cells visited: 256
Step: 377 | Position: (0,3) | Action: FORWARD | Unique cells visited: 256
Step: 378 | Position: (0,4) | Action: FORWARD | Unique cells visited: 256
Step: 379 | Position: (1,4) | Action: TURN_RIGHT_AND_FORWARD | Unique cells visited: 256
Step: 380 | Position: (1,5) | Action: TURN_LEFT_AND_FORWARD | Unique cells visited: 256
Step: 381 | Position: (1,6) | Action: FORWARD | Unique cells visited: 256
Step: 382 | Position: (1,7) | Action: FORWARD | Unique cells visited: 256
Step: 383 | Position: (1,8) | Action: FORWARD | Unique cells visited: 256
Step: 384 | Position: (2,8) | Action: TURN_RIGHT_AND_FORWARD | Unique cells visited: 256
Step: 385 | Position: (2,7) | Action: TURN_RIGHT_AND_FORWARD | Unique cells visited: 256
Step: 386 | Position: (3,7) | Action: TURN_LEFT_AND_FORWARD | Unique cells visited: 256
Step: 387 | Position: (3,8) | Action: TURN_LEFT_AND_FORWARD | Unique cells visited: 256
Step: 388 | Position: (3,9) | Action: FORWARD | Unique cells visited: 256
Step: 389 | Position: (4,9) | Action: TURN_RIGHT_AND_FORWARD | Unique cells visited: 256
Step: 390 | Position: (5,9) | Action: FORWARD | Unique cells visited: 256
Step: 391 | Position: (6,9) | Action: FORWARD | Unique cells visited: 256
Step: 392 | Position: (6,10) | Action: TURN_LEFT_AND_FORWARD | Unique cells visited: 256
Step: 393 | Position: (7,10) | Action: TURN_RIGHT_AND_FORWARD | Unique cells visited: 256
Step: 394 | Position: (7,9) | Action: TURN_RIGHT_AND_FORWARD | Unique cells visited: 256
Step: 395 | Position: (8,9) | Action: TURN_LEFT_AND_FORWARD | Unique cells visited: 256
Step: 396 | Position: (9,9) | Action: FORWARD | Unique cells visited: 256
Step: 397 | Position: (9,8) | Action: TURN_RIGHT_AND_FORWARD | Unique cells visited: 256
Step: 398 | Position: (8,8) | Action: TURN_RIGHT_AND_FORWARD | Unique cells visited: 256
Phase: done
Solved: final shortest run stopped in the center
Summary: steps=398, turns=257, unique cells=256, total entries=399, elapsed=11498 ms, final=(8,8)

--- SUMMARY ---
Algorithm: BFS
Maze size: 16 x 16
Goal reached: yes
Moves: 398
Turns: 257
Unique cells visited: 256
Total cell entries: 399
Final position: (8,8)
Elapsed ms: 11498

--- Visit-count matrix (for heatmap; row = y, printed top->bottom) ---
1 1 1 1 1 1 1 2 1 1 1 1 1 1 2 2 
2 1 1 1 1 3 3 1 2 2 1 2 1 1 1 2 
2 1 1 1 1 2 3 2 2 2 1 2 2 1 1 1 
2 1 1 1 2 2 1 2 2 2 2 1 2 1 1 1 
2 2 1 1 2 2 1 1 1 2 3 2 2 2 1 1 
1 1 1 1 1 2 4 4 1 1 1 1 1 2 2 1 
1 1 1 4 3 3 3 4 4 4 1 1 2 2 2 1 
1 2 2 4 2 1 1 1 3 3 1 1 2 1 1 1 
1 2 2 2 2 1 1 1 1 1 1 1 1 1 2 2 
1 2 2 2 2 1 1 1 1 1 1 1 1 1 1 2 
1 2 1 3 2 1 1 2 2 1 2 2 1 1 2 2 
2 2 2 2 1 1 1 2 1 1 1 1 1 1 2 2 
3 2 2 1 1 1 1 1 1 1 1 1 1 1 1 2 
3 1 1 1 1 1 1 1 2 2 1 2 2 2 2 2 
3 4 1 1 1 1 2 2 2 1 1 2 2 1 2 2 
2 4 1 1 1 1 1 1 1 1 1 1 2 2 3 2 
